// Jest Snapshot v1, https://goo.gl/fbAQLP

exports[`rendering should render the component 1`] = `
<section>
  <div
    className="successful"
  >
    <div>
      <img
        alt="success"
        src="/src/public/images/good.jpg"
      />
    </div>
    <div
      className="success-text"
    >
      <h3>
        Successfully made an Order
      </h3>
      <p>
        You can check your
         
        <a
          href="user-dashboard.html"
        >
          dashboard
        </a>
      </p>
    </div>
  </div>
</section>
`;
