// Jest Snapshot v1, https://goo.gl/fbAQLP

exports[`rendering should render the component 1`] = `
<div>
  <div
    className="checkout"
  >
    <form
      onSubmit={[Function]}
    >
      <div
        className="checkout-header"
      >
        <div
          className="checkout-item top-header"
        >
          <h3>
            Item
          </h3>
          <p>
            <input
              hidden={true}
              name="menuid"
              type="text"
            />
          </p>
        </div>
        <div
          className="top-header checkout-quantity"
        >
          <h3>
            Quantity
          </h3>
          <input
            className="checkout-input"
            max="100"
            min="1"
            name="quantity"
            onChange={[Function]}
            type="number"
          />
        </div>
        <div
          className="top-header checkout-price"
        >
          <h3>
            Price
          </h3>
          <p
            id="{item.price}"
          >
            <strike>
              N
            </strike>
          </p>
        </div>
        <div
          className="top-header checkout-subtotal"
        >
          <h3>
            Sub-Total
          </h3>
          <p>
            <strike>
              N
            </strike>
            NaN
          </p>
        </div>
      </div>
      <div
        className="top-button"
      >
        <button
          className="cancel-order"
          type="submit"
        >
          Cancel Order
           
        </button>
        <button
          className="complete-order "
          type="submit"
        >
          Complete Order
        </button>
      </div>
    </form>
  </div>
</div>
`;
