// Jest Snapshot v1, https://goo.gl/fbAQLP

exports[`rendering should render the component 1`] = `
<section>
  <div
    className="error_message"
  />
  <div>
    <form
      onSubmit={[Function]}
    >
      <ul
        className="form-group"
      >
        <li>
          <label>
            Email
             
            <span
              className="required"
            >
              *
            </span>
          </label>
          <input
            className="form-control field-long"
            name="email"
            onChange={[Function]}
            required={true}
            type="email"
            value=""
          />
        </li>
        <li>
          <label>
            Password
             
            <span
              className="required"
            >
              *
            </span>
          </label>
          <input
            className="form-control field-long"
            name="password"
            onChange={[Function]}
            required={true}
            type="password"
            value=""
          />
        </li>
        <li>
          <input
            type="submit"
            value="Submit"
          />
        </li>
      </ul>
    </form>
    <div
      className="text-form"
    >
      <p>
        Don't have an account?
         
        <Link
          replace={false}
          to="/signup"
        >
          Register
        </Link>
      </p>
    </div>
  </div>
</section>
`;
