// Jest Snapshot v1, https://goo.gl/fbAQLP

exports[`rendering should render the component 1`] = `
<div>
  <div
    className="success"
  >
    Sucessfully deleted an order
  </div>
  <table
    className="admin-table"
  >
    <thead
      className="table-head"
    >
      <tr>
        <th>
          Item
        </th>
        <th>
          Description
        </th>
        <th>
          Price (
          <strike>
            N
          </strike>
          )
        </th>
        <th>
          Qty
        </th>
        <th>
          User
        </th>
        <th>
          Total (
          <strike>
            N
          </strike>
          )
        </th>
        <th>
          Actions
        </th>
      </tr>
    </thead>
  </table>
</div>
`;
