// Jest Snapshot v1, https://goo.gl/fbAQLP

exports[`rendering should render the component 1`] = `
<div>
  <section
    className="container"
  >
    <div
      className="menu-banner"
    >
      <div>
        <div
          className="banner-text"
        >
          <h2>
            Available Menu
          </h2>
          <p>
            Learn about our dishes
          </p>
        </div>
      </div>
    </div>
  </section>
  <Connect(Card) />
</div>
`;
